
> client@0.0.0 build
> vite build

[36mvite v8.0.3 [32mbuilding client environment for production...[36m[39m
[2K
transforming...âœ“ 1835 modules transformed.
rendering chunks...
computing gzip size...
dist/index.html                   0.45 kB â”‚ gzip:   0.28 kB
dist/assets/index-Clgee-Nf.css   76.20 kB â”‚ gzip:  13.27 kB
dist/assets/index-DPrGotUD.js   193.16 kB â”‚ gzip:  61.22 kB
dist/assets/App-BQSJFNag.js     585.87 kB â”‚ gzip: 155.96 kB

[32mâœ“ built in 275ms[39m
[33m[plugin builtin:vite-reporter] 
(!) Some chunks are larger than 500 kB after minification. Consider:
- Using dynamic import() to code-split the application
- Use build.rolldownOptions.output.codeSplitting to improve chunking: https://rolldown.rs/reference/OutputOptions.codeSplitting
- Adjust chunk size limit for this warning via build.chunkSizeWarningLimit.[39m
